RAM Allocation [bytes]
Variable                                                                          Address   Size
------------------------------------------------------------------------------------------------
sr                                                                                0x0260      10

EEPROM Allocation [bytes]
Variable                                                                          Address   Size
------------------------------------------------------------------------------------------------

Register Allocation
Variable                                                                          Register  Size
------------------------------------------------------------------------------------------------
a                                                                                 R4,R5        2
b                                                                                 R6,R7        2
c                                                                                 R8,R9        2
d                                                                                 R10,R11      2
n                                                                                 R12,R13      2

FLASH Allocation [words]
Function                                                                          Address   Size
------------------------------------------------------------------------------------------------
main                                                                              0x00045    107
left                                                                              0x000B0     59
right                                                                             0x000EB     56
